// Jest Snapshot v1, https://goo.gl/fbAQLP

exports[`CityForm component renders CityForm 1`] = `
<DocumentFragment>
  <div
    class="container"
  >
    <div
      id="heart"
    >
      <img
        src="/assets/rainbow.gif"
      />
    </div>
    <form>
      <input
        autocomplete="off"
        class="cityField"
        id="nme"
        name="name"
        required=""
        type="text"
      />
      <label
        for="nme"
      >
        <span>
          Enter a city and state
        </span>
      </label>
      <button
        class="submitButton"
      >
        submit
      </button>
    </form>
  </div>
</DocumentFragment>
`;
