// Jest Snapshot v1, https://goo.gl/fbAQLP

exports[`User component renders DayItem 1`] = `
<DocumentFragment>
  <div
    data-testid="day-div"
  >
    <h2>
      Date:
    </h2>
    <h3>
      Current Temp: 
    </h3>
    <h3>
      Hi: 
    </h3>
    <h3>
      Lo: 
    </h3>
    <p />
  </div>
</DocumentFragment>
`;
