// Jest Snapshot v1, https://goo.gl/fbAQLP

exports[`DayList component renders DayList 1`] = `
<DocumentFragment>
  <h1>
    Loading...
  </h1>
</DocumentFragment>
`;
